// Jest Snapshot v1, https://goo.gl/fbAQLP

exports[`IntroPanel renders correctly 1`] = `
<ThemeProvider
  theme={
    Object {
      "colourBackground": "#E5E5E5",
      "colourDivider": "#D7D2CB",
      "colourFaintBorder": "#8C9296",
      "colourForeground": "#FFFFFF",
      "colourForegroundHover": "#F9F9F8",
      "colourForegroundTransparent": "rgba(255, 255, 255, 0.2)",
      "colourInactive": "#7F7F7F",
      "colourPrimary": "#D5002B",
      "colourPrimaryHover": "#e24d6b",
      "colourPrimaryTransparent": "rgba(0, 174, 236, 0.5)",
      "radius": "0.3rem",
      "splitHeight": "50vh",
      "textBody": "#1A1A1A",
      "textDark": "#621A4B",
      "textPrimary": "#2D373E",
      "textSecondary": "#E7E6E6",
    }
  }
>
  <Connect(InfoPanel) />
</ThemeProvider>
`;
